// Jest Snapshot v1, https://goo.gl/fbAQLP

exports[`Comparing snapshot 1`] = `
{
  "asFragment": [Function],
  "baseElement": <body>
    <div>
      <div
        class="flex font-['poppins'] justify-between flex-row w-[500px] shadow h-[80px] rounded-lg p-3 m-5 "
      >
        <div
          class="flex flex-col"
        >
          <h1
            data-testid="merchant_name"
          >
            Uber
          </h1>
          <h1>
            Georgia
          </h1>
          <h1
            data-testid="date"
          >
            2023-09-20
          </h1>
        </div>
        <h1
          data-testid="amount"
        >
             
          $3.41
        </h1>
      </div>
    </div>
  </body>,
  "container": <div>
    <div
      class="flex font-['poppins'] justify-between flex-row w-[500px] shadow h-[80px] rounded-lg p-3 m-5 "
    >
      <div
        class="flex flex-col"
      >
        <h1
          data-testid="merchant_name"
        >
          Uber
        </h1>
        <h1>
          Georgia
        </h1>
        <h1
          data-testid="date"
        >
          2023-09-20
        </h1>
      </div>
      <h1
        data-testid="amount"
      >
           
        $3.41
      </h1>
    </div>
  </div>,
  "debug": [Function],
  "findAllByAltText": [Function],
  "findAllByDisplayValue": [Function],
  "findAllByLabelText": [Function],
  "findAllByPlaceholderText": [Function],
  "findAllByRole": [Function],
  "findAllByTestId": [Function],
  "findAllByText": [Function],
  "findAllByTitle": [Function],
  "findByAltText": [Function],
  "findByDisplayValue": [Function],
  "findByLabelText": [Function],
  "findByPlaceholderText": [Function],
  "findByRole": [Function],
  "findByTestId": [Function],
  "findByText": [Function],
  "findByTitle": [Function],
  "getAllByAltText": [Function],
  "getAllByDisplayValue": [Function],
  "getAllByLabelText": [Function],
  "getAllByPlaceholderText": [Function],
  "getAllByRole": [Function],
  "getAllByTestId": [Function],
  "getAllByText": [Function],
  "getAllByTitle": [Function],
  "getByAltText": [Function],
  "getByDisplayValue": [Function],
  "getByLabelText": [Function],
  "getByPlaceholderText": [Function],
  "getByRole": [Function],
  "getByTestId": [Function],
  "getByText": [Function],
  "getByTitle": [Function],
  "queryAllByAltText": [Function],
  "queryAllByDisplayValue": [Function],
  "queryAllByLabelText": [Function],
  "queryAllByPlaceholderText": [Function],
  "queryAllByRole": [Function],
  "queryAllByTestId": [Function],
  "queryAllByText": [Function],
  "queryAllByTitle": [Function],
  "queryByAltText": [Function],
  "queryByDisplayValue": [Function],
  "queryByLabelText": [Function],
  "queryByPlaceholderText": [Function],
  "queryByRole": [Function],
  "queryByTestId": [Function],
  "queryByText": [Function],
  "queryByTitle": [Function],
  "rerender": [Function],
  "unmount": [Function],
}
`;
